2025-04-21 17:05:20 error: uncaughtException: spawn code ENOENT
Error: spawn code ENOENT
    at ChildProcess._handle.onexit (node:internal/child_process:286:19)
    at onErrorNT (node:internal/child_process:484:16)
    at process.processTicksAndRejections (node:internal/process/task_queues:82:21)
2025-04-21 17:10:46 error: uncaughtException: spawn code ENOENT
Error: spawn code ENOENT
    at ChildProcess._handle.onexit (node:internal/child_process:286:19)
    at onErrorNT (node:internal/child_process:484:16)
    at process.processTicksAndRejections (node:internal/process/task_queues:82:21)
2025-04-21 17:12:19 error: uncaughtException: spawn code ENOENT
Error: spawn code ENOENT
    at ChildProcess._handle.onexit (node:internal/child_process:286:19)
    at onErrorNT (node:internal/child_process:484:16)
    at process.processTicksAndRejections (node:internal/process/task_queues:82:21)
2025-04-21 17:12:58 error: uncaughtException: spawn code ENOENT
Error: spawn code ENOENT
    at ChildProcess._handle.onexit (node:internal/child_process:286:19)
    at onErrorNT (node:internal/child_process:484:16)
    at process.processTicksAndRejections (node:internal/process/task_queues:82:21)
2025-04-21 17:16:24 error: uncaughtException: spawn "C:\Users\MonUser\AppData\Local\Programs\Microsoft ENOENT
Error: spawn "C:\Users\MonUser\AppData\Local\Programs\Microsoft ENOENT
    at ChildProcess._handle.onexit (node:internal/child_process:286:19)
    at onErrorNT (node:internal/child_process:484:16)
    at process.processTicksAndRejections (node:internal/process/task_queues:82:21)
2025-04-21 17:16:31 error: uncaughtException: spawn "C:\Users\MonUser\AppData\Local\Programs\Microsoft ENOENT
Error: spawn "C:\Users\MonUser\AppData\Local\Programs\Microsoft ENOENT
    at ChildProcess._handle.onexit (node:internal/child_process:286:19)
    at onErrorNT (node:internal/child_process:484:16)
    at process.processTicksAndRejections (node:internal/process/task_queues:82:21)
2025-04-21 17:18:22 error: uncaughtException: spawn "C:\Users\MonUser\AppData\Local\Programs\Microsoft ENOENT
Error: spawn "C:\Users\MonUser\AppData\Local\Programs\Microsoft ENOENT
    at ChildProcess._handle.onexit (node:internal/child_process:286:19)
    at onErrorNT (node:internal/child_process:484:16)
    at process.processTicksAndRejections (node:internal/process/task_queues:82:21)
2025-04-21 17:18:29 error: uncaughtException: spawn "C:\Users\MonUser\AppData\Local\Programs\Microsoft ENOENT
Error: spawn "C:\Users\MonUser\AppData\Local\Programs\Microsoft ENOENT
    at ChildProcess._handle.onexit (node:internal/child_process:286:19)
    at onErrorNT (node:internal/child_process:484:16)
    at process.processTicksAndRejections (node:internal/process/task_queues:82:21)
2025-04-21 17:21:40 error: uncaughtException: spawn code ENOENT
Error: spawn code ENOENT
    at ChildProcess._handle.onexit (node:internal/child_process:286:19)
    at onErrorNT (node:internal/child_process:484:16)
    at process.processTicksAndRejections (node:internal/process/task_queues:82:21)
2025-04-21 17:22:16 error: uncaughtException: spawn C:\Users\MonUser\AppData\Local\Programs\Microsoft ENOENT
Error: spawn C:\Users\MonUser\AppData\Local\Programs\Microsoft ENOENT
    at ChildProcess._handle.onexit (node:internal/child_process:286:19)
    at onErrorNT (node:internal/child_process:484:16)
    at process.processTicksAndRejections (node:internal/process/task_queues:82:21)
2025-04-21 17:23:34 error: uncaughtException: spawn C:\Users\alexa\AppData\Local\Programs\Microsoft ENOENT
Error: spawn C:\Users\alexa\AppData\Local\Programs\Microsoft ENOENT
    at ChildProcess._handle.onexit (node:internal/child_process:286:19)
    at onErrorNT (node:internal/child_process:484:16)
    at process.processTicksAndRejections (node:internal/process/task_queues:82:21)
2025-04-21 17:24:26 error: uncaughtException: spawn C:\Users\alexa\AppData\Local\Programs\Microsoft ENOENT
Error: spawn C:\Users\alexa\AppData\Local\Programs\Microsoft ENOENT
    at ChildProcess._handle.onexit (node:internal/child_process:286:19)
    at onErrorNT (node:internal/child_process:484:16)
    at process.processTicksAndRejections (node:internal/process/task_queues:82:21)
2025-04-21 17:25:24 error: uncaughtException: spawn C:\Users\alexa\AppData\Local\Programs\Microsoft ENOENT
Error: spawn C:\Users\alexa\AppData\Local\Programs\Microsoft ENOENT
    at ChildProcess._handle.onexit (node:internal/child_process:286:19)
    at onErrorNT (node:internal/child_process:484:16)
    at process.processTicksAndRejections (node:internal/process/task_queues:82:21)
